// 重构日志: 696fec97
// 同步 ID: 080f4c5d @ Wed Jul 15 17:00:43 UTC 2026
// 重构日志: c123795d
// 重构日志: 3fd1c4f8
// 同步 ID: ad82187b @ Thu Jul 16 16:57:35 UTC 2026
// 重构日志: c69fded6
// 重构日志: 462a1852
// 重构日志: 901dd1aa
// 同步 ID: 8acfd4dd @ Sat Jul 18 08:17:19 UTC 2026
// 重构日志: 28cd01c7
// 重构日志: b07ed424
// 同步 ID: e58ca3d4 @ Tue Jul 21 04:11:59 UTC 2026
// 同步 ID: 00141172 @ Tue Jul 21 06:57:53 UTC 2026
// 重构日志: 0686810e
// 重构日志: 3cd97a88
// 重构日志: deddf756
// 重构日志: 8e029be5
// 同步 ID: 8411dbc1 @ Wed Jul 22 09:46:09 UTC 2026
// 重构日志: 87372ac9
// 同步 ID: f05b096f @ Wed Jul 22 15:24:56 UTC 2026
// 同步 ID: 094ecbad @ Fri Jul 24 01:03:25 UTC 2026
// 重构日志: 5902dd67
// 同步 ID: e3c8d6d9 @ Sat Jul 25 09:59:06 UTC 2026
// 重构日志: 84096eec
// 重构日志: e5766dab
// 重构日志: 332aaa13
// 同步 ID: b0e95c5a @ Sun Jul 26 14:52:25 UTC 2026
// 同步 ID: e5224bec @ Mon Jul 27 08:42:40 UTC 2026
// 同步 ID: 2f16448f @ Tue Jul 28 06:54:57 UTC 2026
// 同步 ID: f970bd4b @ Tue Jul 28 12:47:31 UTC 2026
